Detecting compiler hash for triplet x64-windows...
Compiler found: C:/Program Files/Microsoft Visual Studio/2022/Community/VC/Tools/MSVC/14.41.34120/bin/Hostx64/x64/cl.exe
The following packages will be removed:
    vcpkg-cmake-get-vars:x64-windows
The following packages will be built and installed:
    fmt:x64-windows@11.0.2#1 -- C:\Users\Ameen\AppData\Local\vcpkg\registries\git-trees\07a73a7565e5de9eb42e90c16c133bdfdfebbcda
  * vcpkg-cmake-config:x64-windows@2024-05-23 -- C:\Users\Ameen\AppData\Local\vcpkg\registries\git-trees\97a63e4bc1a17422ffe4eff71da53b4b561a7841
Additional packages (*) will be modified to complete this operation.
Restored 0 package(s) from C:\Users\Ameen\AppData\Local\vcpkg\archives in 193 us. Use --debug to see more details.
Removing 1/3 vcpkg-cmake-get-vars:x64-windows
Elapsed time to handle vcpkg-cmake-get-vars:x64-windows: 7.08 ms
Installing 2/3 vcpkg-cmake-config:x64-windows@2024-05-23...
Building vcpkg-cmake-config:x64-windows@2024-05-23...
C:\Users\Ameen\AppData\Local\vcpkg\registries\git-trees\97a63e4bc1a17422ffe4eff71da53b4b561a7841: info: installing overlay port from here
-- Installing: C:/Users/Ameen/OneDrive - Georgia Institute of Technology/Documents/School/power/vcpkg/packages/vcpkg-cmake-config_x64-windows/share/vcpkg-cmake-config/vcpkg_cmake_config_fixup.cmake
-- Installing: C:/Users/Ameen/OneDrive - Georgia Institute of Technology/Documents/School/power/vcpkg/packages/vcpkg-cmake-config_x64-windows/share/vcpkg-cmake-config/vcpkg-port-config.cmake
-- Installing: C:/Users/Ameen/OneDrive - Georgia Institute of Technology/Documents/School/power/vcpkg/packages/vcpkg-cmake-config_x64-windows/share/vcpkg-cmake-config/copyright
-- Skipping post-build validation due to VCPKG_POLICY_EMPTY_PACKAGE
Stored binaries in 1 destinations in 63.4 ms.
Elapsed time to handle vcpkg-cmake-config:x64-windows: 161 ms
vcpkg-cmake-config:x64-windows package ABI: 03271f226303581b1d92c0ec0012f8fcedaae3909eeac080e104367bf8b210f0
Installing 3/3 fmt:x64-windows@11.0.2#1...
Building fmt:x64-windows@11.0.2#1...
C:\Users\Ameen\AppData\Local\vcpkg\registries\git-trees\07a73a7565e5de9eb42e90c16c133bdfdfebbcda: info: installing overlay port from here
-- Downloading https://github.com/fmtlib/fmt/archive/11.0.2.tar.gz -> fmtlib-fmt-11.0.2.tar.gz...
-- Extracting source C:/Users/Ameen/OneDrive - Georgia Institute of Technology/Documents/School/power/vcpkg/downloads/fmtlib-fmt-11.0.2.tar.gz
-- Applying patch fix-write-batch.patch
-- Applying patch fix-pass-utf-8-only-if-the-compiler-is-MSVC-at-build.patch
-- Using source at C:/Users/Ameen/OneDrive - Georgia Institute of Technology/Documents/School/power/vcpkg/buildtrees/fmt/src/11.0.2-c30c0a133f.clean
-- Found external ninja('1.11.0').
-- Configuring x64-windows
-- Building x64-windows-dbg
-- Building x64-windows-rel
-- Fixing pkgconfig file: C:/Users/Ameen/OneDrive - Georgia Institute of Technology/Documents/School/power/vcpkg/packages/fmt_x64-windows/lib/pkgconfig/fmt.pc
-- Downloading https://mirror.msys2.org/mingw/mingw64/mingw-w64-x86_64-pkgconf-1~2.3.0-1-any.pkg.tar.zst;https://repo.msys2.org/mingw/mingw64/mingw-w64-x86_64-pkgconf-1~2.3.0-1-any.pkg.tar.zst;https://mirror.yandex.ru/mirrors/msys2/mingw/mingw64/mingw-w64-x86_64-pkgconf-1~2.3.0-1-any.pkg.tar.zst;https://mirrors.tuna.tsinghua.edu.cn/msys2/mingw/mingw64/mingw-w64-x86_64-pkgconf-1~2.3.0-1-any.pkg.tar.zst;https://mirrors.ustc.edu.cn/msys2/mingw/mingw64/mingw-w64-x86_64-pkgconf-1~2.3.0-1-any.pkg.tar.zst;https://mirror.selfnet.de/msys2/mingw/mingw64/mingw-w64-x86_64-pkgconf-1~2.3.0-1-any.pkg.tar.zst -> msys2-mingw-w64-x86_64-pkgconf-1~2.3.0-1-any.pkg.tar.zst...
-- Downloading https://mirror.msys2.org/msys/x86_64/msys2-runtime-3.5.4-2-x86_64.pkg.tar.zst;https://repo.msys2.org/msys/x86_64/msys2-runtime-3.5.4-2-x86_64.pkg.tar.zst;https://mirror.yandex.ru/mirrors/msys2/msys/x86_64/msys2-runtime-3.5.4-2-x86_64.pkg.tar.zst;https://mirrors.tuna.tsinghua.edu.cn/msys2/msys/x86_64/msys2-runtime-3.5.4-2-x86_64.pkg.tar.zst;https://mirrors.ustc.edu.cn/msys2/msys/x86_64/msys2-runtime-3.5.4-2-x86_64.pkg.tar.zst;https://mirror.selfnet.de/msys2/msys/x86_64/msys2-runtime-3.5.4-2-x86_64.pkg.tar.zst -> msys2-msys2-runtime-3.5.4-2-x86_64.pkg.tar.zst...
-- Using msys root at C:/Users/Ameen/OneDrive - Georgia Institute of Technology/Documents/School/power/vcpkg/downloads/tools/msys2/21caed2f81ec917b
-- Fixing pkgconfig file: C:/Users/Ameen/OneDrive - Georgia Institute of Technology/Documents/School/power/vcpkg/packages/fmt_x64-windows/debug/lib/pkgconfig/fmt.pc
-- Installing: C:/Users/Ameen/OneDrive - Georgia Institute of Technology/Documents/School/power/vcpkg/packages/fmt_x64-windows/share/fmt/usage
-- Installing: C:/Users/Ameen/OneDrive - Georgia Institute of Technology/Documents/School/power/vcpkg/packages/fmt_x64-windows/share/fmt/copyright
-- Performing post-build validation
Stored binaries in 1 destinations in 381 ms.
Elapsed time to handle fmt:x64-windows: 6.3 min
fmt:x64-windows package ABI: 971fc972a80346dc2d0086b42dbdf726aebd0351c2400928744a4f0348412135
Total install time: 6.3 min
The package fmt provides CMake targets:

    find_package(fmt CONFIG REQUIRED)
    target_link_libraries(main PRIVATE fmt::fmt)

    # Or use the header-only version
    find_package(fmt CONFIG REQUIRED)
    target_link_libraries(main PRIVATE fmt::fmt-header-only)

